============================================
 P1.7 — 真实片段着色器 Path A 测试
 时间: 2026-06-12 02:53:09
============================================

══ 第一部分: deko3d GLSL 片段样本 → Path A ══

[0;36m[1] deko3d_runtime_triangle_fs[0m
   来源: /Users/liliang/autommes/deko3d_metal_runtime/shaders/triangle_fs.glsl
   类型: glsl
   源文件大小:      189 bytes
   [slangc→DXIL]     ... [0;32mOK[0m (    2816 bytes)
   [1;33mslangc 提示: warning[E00030]: the stage 'pixel' was specified more than once for entry point 'main' [0m
   [MSC→metallib]    ... [0;32mOK[0m (    2816 →     4884 bytes)
   [0;32mPath A 端到端 PASS[0m

[0;36m[2] deko3d_slang_triangle_fs[0m
   来源: /Users/liliang/autommes/deko3d_slang_poc/shaders/triangle.frag.glsl
   类型: glsl
   源文件大小:      241 bytes
   [slangc→DXIL]     ... [0;32mOK[0m (    2816 bytes)
   [1;33mslangc 提示: warning[E00030]: the stage 'pixel' was specified more than once for entry point 'main' [0m
   [MSC→metallib]    ... [0;32mOK[0m (    2816 →     4884 bytes)
   [0;32mPath A 端到端 PASS[0m

[0;36m[3] deko3d_roundtrip_fs[0m
   来源: /Users/liliang/autommes/deko3d_slang_poc/output/roundtrip_frag.glsl
   类型: glsl
   源文件大小:      188 bytes
   [slangc→DXIL]     ... [0;32mOK[0m (    2816 bytes)
   [1;33mslangc 提示: warning[E00030]: the stage 'pixel' was specified more than once for entry point 'main' [0m
   [MSC→metallib]    ... [0;32mOK[0m (    2816 →     4884 bytes)
   [0;32mPath A 端到端 PASS[0m

══ 第二部分: Slang 原生真实片段样本 → Path A ══

[0;36m[4] slang_real_clear_float_fs[0m
   来源: /Users/liliang/autommes/deko3d_slang_poc/test_output/real_ColorClearFFragmentShaderSource.frag.slang
   类型: slang
   源文件大小:      366 bytes
   [slangc→DXIL]     ... [0;32mOK[0m (    2844 bytes)
   [1;33mslangc 提示: warning[E00030]: the stage 'pixel' was specified more than once for entry point 'main' [0m
   [MSC→metallib]    ... [0;32mOK[0m (    2844 →     4904 bytes)
   [0;32mPath A 端到端 PASS[0m

[0;36m[5] slang_real_clear_uint_fs[0m
   来源: /Users/liliang/autommes/deko3d_slang_poc/test_output/real_ColorClearUIFragmentShaderSource.frag.slang
   类型: slang
   源文件大小:      366 bytes
   [slangc→DXIL]     ... [0;32mOK[0m (    2844 bytes)
   [1;33mslangc 提示: warning[E00030]: the stage 'pixel' was specified more than once for entry point 'main' [0m
   [MSC→metallib]    ... [0;32mOK[0m (    2844 →     4904 bytes)
   [0;32mPath A 端到端 PASS[0m

[0;36m[6] slang_real_texture_fs[0m
   来源: /Users/liliang/autommes/deko3d_slang_poc/test_output/real_deko3d_texture_fsh.glsl.slang
   类型: slang
   源文件大小:      554 bytes
   [slangc→DXIL]     ... [0;32mOK[0m (    3688 bytes)
   [1;33mslangc 提示: warning[E00030]: the stage 'pixel' was specified more than once for entry point 'main' [0m
   [MSC→metallib]    ... [0;32mOK[0m (    3688 →     5248 bytes)
   [0;32mPath A 端到端 PASS[0m

[0;36m[7] slang_real_lighting_fs[0m
   来源: /Users/liliang/autommes/deko3d_slang_poc/test_output/real_deko3d_basic_lighting_fsh.glsl.slang
   类型: slang
   源文件大小:     2448 bytes
   [slangc→DXIL]     ... [0;32mOK[0m (    4392 bytes)
   [1;33mslangc 提示: warning[E00030]: the stage 'pixel' was specified more than once for entry point 'main' [0m
   [MSC→metallib]    ... [0;32mOK[0m (    4392 →     6368 bytes)
   [0;32mPath A 端到端 PASS[0m

══ 第三部分: 内嵌片段特性覆盖 → Path A ══

[0;36m[8] feat_texture_branch[0m
   来源: /var/folders/7x/7_mpqm1s0sg5mk4b710fmpjh0000gn/T/tmp.jITV3yIUmg/fs_texture_branch.glsl
   类型: glsl
   源文件大小:      426 bytes
   [slangc→DXIL]     ... [0;32mOK[0m (    4132 bytes)
   [1;33mslangc 提示: warning[E00030]: the stage 'pixel' was specified more than once for entry point 'main' [0m
   [MSC→metallib]    ... [0;32mOK[0m (    4132 →     5668 bytes)
   [0;32mPath A 端到端 PASS[0m

[0;36m[9] feat_discard_alpha_test[0m
   来源: /var/folders/7x/7_mpqm1s0sg5mk4b710fmpjh0000gn/T/tmp.jITV3yIUmg/fs_discard.glsl
   类型: glsl
   源文件大小:      231 bytes
   [slangc→DXIL]     ... [0;32mOK[0m (    2996 bytes)
   [1;33mslangc 提示: warning[E00030]: the stage 'pixel' was specified more than once for entry point 'main' [0m
   [MSC→metallib]    ... [0;32mOK[0m (    2996 →     5200 bytes)
   [0;32mPath A 端到端 PASS[0m

[0;36m[10] feat_multi_render_target[0m
   来源: /var/folders/7x/7_mpqm1s0sg5mk4b710fmpjh0000gn/T/tmp.jITV3yIUmg/fs_mrt.glsl
   类型: glsl
   源文件大小:      394 bytes
   [slangc→DXIL]     ... [0;32mOK[0m (    3560 bytes)
   [1;33mslangc 提示: warning[E00030]: the stage 'pixel' was specified more than once for entry point 'main' [0m
   [MSC→metallib]    ... [0;32mOK[0m (    3560 →     5780 bytes)
   [0;32mPath A 端到端 PASS[0m

[0;36m[11] feat_math_loop[0m
   来源: /var/folders/7x/7_mpqm1s0sg5mk4b710fmpjh0000gn/T/tmp.jITV3yIUmg/fs_math_loop.glsl
   类型: glsl
   源文件大小:      378 bytes
   [slangc→DXIL]     ... [0;32mOK[0m (    3228 bytes)
   [1;33mslangc 提示: warning[E00030]: the stage 'pixel' was specified more than once for entry point 'main' [0m
   [MSC→metallib]    ... [0;32mOK[0m (    3228 →     5440 bytes)
   [0;32mPath A 端到端 PASS[0m

══ 第四部分: Ryujinx Fragment MSL 抽样（仅检测） ══

[0;36m[12] ryujinx_shader_2_Fragment[0m
   来源: /Users/liliang/Library/Application Support/Ryujinx/msl_dump/shader_2_Fragment.msl
   大小:      238 bytes (      21 行)
   [0;32mMSL 有效[0m (含 metal_stdlib + fragment)
   [1;33m跳过[0m — MSL→metallib 需 xcrun metal (完整 Xcode)

[0;36m[13] ryujinx_shader_4_Fragment[0m
   来源: /Users/liliang/Library/Application Support/Ryujinx/msl_dump/shader_4_Fragment.msl
   大小:      238 bytes (      21 行)
   [0;32mMSL 有效[0m (含 metal_stdlib + fragment)
   [1;33m跳过[0m — MSL→metallib 需 xcrun metal (完整 Xcode)

[0;36m[14] ryujinx_shader_6_Fragment[0m
   来源: /Users/liliang/Library/Application Support/Ryujinx/msl_dump/shader_6_Fragment.msl
   大小:      238 bytes (      21 行)
   [0;32mMSL 有效[0m (含 metal_stdlib + fragment)
   [1;33m跳过[0m — MSL→metallib 需 xcrun metal (完整 Xcode)

[0;36m[15] ryujinx_shader_8_Fragment[0m
   来源: /Users/liliang/Library/Application Support/Ryujinx/msl_dump/shader_8_Fragment.msl
   大小:      238 bytes (      21 行)
   [0;32mMSL 有效[0m (含 metal_stdlib + fragment)
   [1;33m跳过[0m — MSL→metallib 需 xcrun metal (完整 Xcode)

[0;36m[16] ryujinx_shader_10_Fragment[0m
   来源: /Users/liliang/Library/Application Support/Ryujinx/msl_dump/shader_10_Fragment.msl
   大小:      238 bytes (      21 行)
   [0;32mMSL 有效[0m (含 metal_stdlib + fragment)
   [1;33m跳过[0m — MSL→metallib 需 xcrun metal (完整 Xcode)

[0;36m[17] ryujinx_shader_dump_fragment_0002[0m
   来源: /Users/liliang/Library/Application Support/Ryujinx/shader_dump/fragment_0002.metal
   [1;33m非标准 Fragment MSL[0m (缺少 metal_stdlib 或 fragment 关键字)

============================================
 结果: [0;32m11 Path A 通过[0m / [0;31m0 失败[0m / [1;33m6 MSL 跳过[0m / 总计 17

 [0;32m管线不崩！[0m所有 GLSL/Slang 片段样本均通过 Path A 编译
 [1;33m注: Ryujinx MSL 文件为已生成 MSL，CLT-only 环境下仅做格式抽检[0m
============================================
